Checking health...
Health: 200 {"status":"healthy","timestamp":"2026-01-25T10:03:59.2939301Z"}

1. Registering Photographer...
Registration failed: {"userId":"c6a31a13-eaf3-4002-847e-ed02e3e476a5","email":"test_6427571e@example.com","name":"Test Photographer","token":"eyJhbGciOiJIUzI1NiIsInR5cCI6IkpXVCJ9.eyJuYW1laWQiOiJjNmEzMWExMy1lYWYzLTQwMDItODQ3ZS1lZDAyZTNlNDc2YTUiLCJlbWFpbCI6InRlc3RfNjQyNzU3MWVAZXhhbXBsZS5jb20iLCJ1bmlxdWVfbmFtZSI6IlRlc3QgUGhvdG9ncmFwaGVyIiwicm9sZSI6IlBob3RvZ3JhcGhlciIsIm5iZiI6MTc2OTMzNTQzOSwiZXhwIjoxNzY5OTQwMjM5LCJpYXQiOjE3NjkzMzU0MzksImlzcyI6InNuYXBvcnktYXBpIiwiYXVkIjoic25hcG9yeS11c2VycyJ9.SVMN8ALdlbGsYj-twTXQF_EbWWYE3TZZnhSCkp63Bf8","expiresAt":"2026-02-01T10:03:59.5108588Z"}
